13:13:24 | INFO    | ==============================================================================
13:13:24 | INFO    | PHASE 2: SPECIES-LEVEL TIME-CALIBRATED PHYLOGENY (TimeTree)
13:13:24 | INFO    | ==============================================================================
13:13:24 | INFO    | Run started : 2026-08-02T13:13:24.900291
13:13:24 | INFO    | Log file    : C:\Users\medha\oncobiome\logs\phase2_20260802_131324.log
13:13:24 | INFO    | Loaded 55 overlap species from Phase 1 output.
13:13:24 | INFO    | 
13:13:24 | INFO    | Establishing session with http://www.timetree.org ...
13:13:25 | DEBUG   | Homepage GET status: 200
13:13:25 | INFO    | Submitted species list saved to: C:\Users\medha\oncobiome\data\raw\phylogeny\timetree_submitted_species_list.txt
13:13:25 | INFO    | POST 55 species names to http://www.timetree.org/ajax/prune/load_names/ ...
13:13:26 | DEBUG   | Prune-tree widget HTML saved to: C:\Users\medha\oncobiome\data\raw\phylogeny\timetree_prunetree_response.html
13:13:26 | INFO    | POST export=newick to http://www.timetree.org/ajax/newick/prunetree/download ...
13:13:26 | INFO    | Raw Newick tree saved to: C:\Users\medha\oncobiome\data\raw\phylogeny\timetree_prunetree_raw.nwk (2434 bytes)
13:13:26 | INFO    | 
13:13:26 | INFO    | ==============================================================================
13:13:26 | INFO    | TREE SUMMARY
13:13:26 | INFO    | ==============================================================================
13:13:26 | INFO    | Species submitted        : 55
13:13:26 | INFO    | Leaf nodes in tree       : 54
13:13:26 | INFO    | TimeTree-flagged name issues (3):
13:13:26 | INFO    |     - Gazella subgutturosa: replaced with Gazella dorcas
13:13:26 | INFO    |     - Giraffa camelopardalis: replaced with Giraffa reticulata
13:13:26 | INFO    |     - Felis silvestris: insufficient data in TimeTree to place this taxon
13:13:26 | INFO    | 
13:13:26 | INFO    | ==============================================================================
13:13:26 | INFO    | SPECIES <-> TREE TIP CROSS-CHECK
13:13:26 | INFO    | ==============================================================================
13:13:26 | INFO    | dropped_no_data       : 1
13:13:26 | INFO    | exact_match           : 52
13:13:26 | INFO    | silent_genus_rename   : 2
13:13:26 | INFO    | 
13:13:26 | WARNING | [silent_genus_rename] Callithrix pygmaea -> Not found as 'Callithrix pygmaea'; matched by species epithet to tree tip 'Cebuella_pygmaea' (TimeTree did not flag this in its own unresolved-names list -- likely a taxonomic revision not reflected in the source dataset's naming).
13:13:26 | WARNING | [dropped_no_data] Felis silvestris -> insufficient data in TimeTree to place this taxon
13:13:26 | WARNING | [silent_genus_rename] Macropus eugenii -> Not found as 'Macropus eugenii'; matched by species epithet to tree tip 'Notamacropus_eugenii' (TimeTree did not flag this in its own unresolved-names list -- likely a taxonomic revision not reflected in the source dataset's naming).
13:13:26 | INFO    | 
13:13:26 | INFO    | Per-species match report written to: C:\Users\medha\oncobiome\output\phylogeny_species_match_report.csv
13:13:26 | INFO    | 
13:13:26 | INFO    | ==============================================================================
13:13:26 | INFO    | FINALIZING PGLS-READY TREE + SPECIES LIST
13:13:26 | INFO    | ==============================================================================
13:13:26 | INFO    | PGLS-ready tree (tips relabeled) written to: C:\Users\medha\oncobiome\data\raw\phylogeny\timetree_pgls_ready.nwk
13:13:26 | INFO    |     relabeled tip: Cebuella_pygmaea -> Callithrix_pygmaea
13:13:26 | INFO    |     relabeled tip: Notamacropus_eugenii -> Macropus_eugenii
13:13:26 | INFO    | Final PGLS species list (54 species) written to: C:\Users\medha\oncobiome\output\pgls_species_list.csv
13:13:26 | INFO    | Excluded from PGLS sample (1): ['Felis silvestris']
13:13:26 | INFO    | 
13:13:26 | INFO    | ==============================================================================
13:13:26 | INFO    | PHASE 2 COMPLETE
13:13:26 | INFO    | ==============================================================================
13:13:26 | INFO    | 54/55 overlap species are placed on the tree and usable for downstream PGLS.
13:13:26 | INFO    | 1 species have NO tree placement and must be excluded from PGLS (or manually grafted onto the tree at a conservative node): ['Felis silvestris']
13:13:26 | INFO    | 2 species matched only after allowing for a genus-level taxonomic revision -- flag these for the taxonomy cross-check step: ['Callithrix pygmaea', 'Macropus eugenii']
13:13:26 | INFO    | Full detailed log saved to: C:\Users\medha\oncobiome\logs\phase2_20260802_131324.log
13:13:26 | INFO    | Next step: use RAW_TREE_PATH as the PGLS phylogeny, substituting tip labels per the match report so they align with the species names used in the cancer-mortality and microbiome tables.
