12:08:45 | INFO    | ==============================================================================
12:08:45 | INFO    | PHASE 1: DATA INGESTION & SPECIES OVERLAP CHECK
12:08:45 | INFO    | ==============================================================================
12:08:45 | INFO    | Run started : 2026-08-02T12:08:45.834960
12:08:45 | INFO    | Log file    : /sessions/kind-brave-cori/mnt/oncobiome/logs/phase1_20260802_120845.log
12:08:45 | INFO    | Data sources: 5 registered
12:08:45 | INFO    | 
12:08:45 | INFO    | --- Loading source: vincze2022_cancer ---
12:08:45 | INFO    | Citation   : Vincze et al. 2022, Nature 601:263-267 - Cancer risk across mammals
12:08:45 | INFO    | Source URL : https://raw.githubusercontent.com/OrsolyaVincze/VinczeEtal2021Nature/main/data.csv
12:08:45 | DEBUG   | Local file : /sessions/kind-brave-cori/mnt/oncobiome/data/raw/vincze2022_cancer_mortality.csv
12:08:45 | INFO    | Rows read            : 191
12:08:45 | INFO    | Unique species names  : 191
12:08:45 | INFO    | Species count matches paper's reported n (191). OK.
12:08:45 | INFO    | 
12:08:45 | INFO    | --- Loading source: compton2020_cancer ---
12:08:45 | INFO    | Citation   : Compton/Boddy et al. 2020, Evolution Medicine & Public Health - Lifetime cancer prevalence and life history traits in mammals (PMC7652303)
12:08:45 | INFO    | Source URL : https://pmc.ncbi.nlm.nih.gov/articles/instance/7652303/bin/eoaa015_supplementary_data.zip
12:08:45 | DEBUG   | Local file : /sessions/kind-brave-cori/mnt/oncobiome/data/raw/compton2020_cancer_prevalence.csv
12:08:45 | INFO    | Rows read            : 37
12:08:45 | INFO    | Unique species names  : 37
12:08:45 | INFO    | Species count matches paper's reported n (37). OK.
12:08:45 | INFO    | 
12:08:45 | INFO    | --- Loading source: manor2020_microbiome ---
12:08:45 | INFO    | Citation   : Manor et al. 2020, Applied and Environmental Microbiology 86:e01864-20 - Multi-omics Approaches To Decipher the Impact of Diet and Host Physiology on the Mammalian Gut Microbiome
12:08:45 | INFO    | Source URL : https://journals.asm.org/doi/10.1128/aem.01864-20
12:08:45 | DEBUG   | Local file : /sessions/kind-brave-cori/mnt/oncobiome/data/raw/manor2020_host_species.csv
12:08:45 | INFO    | Rows read            : 77
12:08:45 | INFO    | Unique species names  : 77
12:08:45 | INFO    | Species count matches paper's reported n (77). OK.
12:08:45 | INFO    | 
12:08:45 | INFO    | --- Loading source: youngblut2020_microbiome ---
12:08:45 | INFO    | Citation   : Youngblut et al. 2020, mSystems 5:e01045-20 - Large-Scale Metagenome Assembly Reveals Novel Animal-Associated Microbial Genomes...
12:08:45 | INFO    | Source URL : https://github.com/leylabmpi/animal_gut_metagenome_assembly
12:08:45 | DEBUG   | Local file : /sessions/kind-brave-cori/mnt/oncobiome/data/raw/youngblut2020_host_species.csv
12:08:46 | INFO    | Rows read            : 289
12:08:46 | INFO    | Unique species names  : 180
12:08:46 | INFO    | Species count matches paper's reported n (180). OK.
12:08:46 | INFO    | 
12:08:46 | INFO    | --- Loading source: guo2022_metabolome ---
12:08:46 | INFO    | Citation   : Gregor/Guo et al. 2022, The ISME Journal 16:1262-1274 - Mammalian gut metabolomes mirror microbiome composition and host phylogeny
12:08:46 | INFO    | Source URL : https://massive.ucsd.edu/ProteoSAFe/dataset.jsp?accession=MSV000086131
12:08:46 | DEBUG   | Local file : /sessions/kind-brave-cori/mnt/oncobiome/data/raw/guo2022_host_species.csv
12:08:46 | INFO    | Rows read            : 101
12:08:46 | INFO    | Unique species names  : 25
12:08:46 | INFO    | Species count matches paper's reported n (25). OK.
12:08:46 | INFO    | 
12:08:46 | INFO    | ==============================================================================
12:08:46 | INFO    | SOURCE AVAILABILITY SUMMARY
12:08:46 | INFO    | ==============================================================================
12:08:46 | INFO    | Loaded this run (5/5): ['vincze2022_cancer', 'compton2020_cancer', 'manor2020_microbiome', 'youngblut2020_microbiome', 'guo2022_metabolome']
12:08:46 | INFO    | Needs manual download (0/5): []
12:08:46 | INFO    | 
12:08:46 | INFO    | ==============================================================================
12:08:46 | INFO    | NORMALIZING SPECIES NAMES
12:08:46 | INFO    | ==============================================================================
12:08:46 | INFO    | vincze2022_cancer: 191 raw name(s) -> 191 unique binomial(s) (0 subspecies collapsed onto an existing binomial)
12:08:46 | INFO    | compton2020_cancer: 37 raw name(s) -> 37 unique binomial(s) (0 subspecies collapsed onto an existing binomial)
12:08:46 | INFO    | manor2020_microbiome: 77 raw name(s) -> 73 unique binomial(s) (4 subspecies collapsed onto an existing binomial)
12:08:46 | INFO    | youngblut2020_microbiome: 180 raw name(s) -> 180 unique binomial(s) (0 subspecies collapsed onto an existing binomial)
12:08:46 | INFO    | guo2022_metabolome: 25 raw name(s) -> 24 unique binomial(s) (1 subspecies collapsed onto an existing binomial)
12:08:46 | INFO    | Total unique binomial species names across ALL loaded sources: 398
12:08:46 | INFO    | 
12:08:46 | INFO    | ==============================================================================
12:08:46 | INFO    | OVERLAP CHECK: cancer-mortality data x microbiome/metabolome data
12:08:46 | INFO    | ==============================================================================
12:08:46 | INFO    | Species with cancer-mortality data     : 209  (from: ['vincze2022_cancer', 'compton2020_cancer'])
12:08:46 | INFO    | Species with microbiome/metabolome data: 244  (from: ['manor2020_microbiome', 'youngblut2020_microbiome', 'guo2022_metabolome'])
12:08:46 | INFO    | *** SPECIES IN BOTH (usable for downstream PGLS / pathway / FBA work): 55 ***
12:08:46 | INFO    |     - Aepyceros melampus           [vincze2022_cancer+youngblut2020_microbiome]
12:08:46 | INFO    |     - Ammotragus lervia            [manor2020_microbiome+vincze2022_cancer]
12:08:46 | INFO    |     - Bison bonasus                [manor2020_microbiome+vincze2022_cancer]
12:08:46 | INFO    |     - Callimico goeldii            [manor2020_microbiome+vincze2022_cancer]
12:08:46 | INFO    |     - Callithrix pygmaea           [compton2020_cancer+manor2020_microbiome]
12:08:46 | INFO    |     - Capra ibex                   [vincze2022_cancer+youngblut2020_microbiome]
12:08:46 | INFO    |     - Cervus elaphus               [vincze2022_cancer+youngblut2020_microbiome]
12:08:46 | INFO    |     - Choloepus didactylus         [vincze2022_cancer+youngblut2020_microbiome]
12:08:46 | INFO    |     - Connochaetes taurinus        [vincze2022_cancer+youngblut2020_microbiome]
12:08:46 | INFO    |     - Cricetus cricetus            [vincze2022_cancer+youngblut2020_microbiome]
12:08:46 | INFO    |     - Dama dama                    [vincze2022_cancer+youngblut2020_microbiome]
12:08:46 | INFO    |     - Equus asinus                 [compton2020_cancer+guo2022_metabolome]
12:08:46 | INFO    |     - Equus hemionus               [vincze2022_cancer+youngblut2020_microbiome]
12:08:46 | INFO    |     - Equus quagga                 [vincze2022_cancer+youngblut2020_microbiome]
12:08:46 | INFO    |     - Eulemur macaco               [manor2020_microbiome+vincze2022_cancer]
12:08:46 | INFO    |     - Felis margarita              [guo2022_metabolome+vincze2022_cancer]
12:08:46 | INFO    |     - Felis silvestris             [manor2020_microbiome+vincze2022_cancer]
12:08:46 | INFO    |     - Gazella subgutturosa         [vincze2022_cancer+youngblut2020_microbiome]
12:08:46 | INFO    |     - Giraffa camelopardalis       [manor2020_microbiome+vincze2022_cancer+youngblut2020_microbiome]
12:08:46 | INFO    |     - Gorilla gorilla              [guo2022_metabolome+vincze2022_cancer+youngblut2020_microbiome]
12:08:46 | INFO    |     - Hippopotamus amphibius       [vincze2022_cancer+youngblut2020_microbiome]
12:08:46 | INFO    |     - Hylobates lar                [guo2022_metabolome+vincze2022_cancer]
12:08:46 | INFO    |     - Kobus megaceros              [manor2020_microbiome+vincze2022_cancer]
12:08:46 | INFO    |     - Lama glama                   [compton2020_cancer+manor2020_microbiome]
12:08:46 | INFO    |     - Lemur catta                  [manor2020_microbiome+vincze2022_cancer]
12:08:46 | INFO    |     - Loxodonta africana           [compton2020_cancer+guo2022_metabolome+youngblut2020_microbiome]
12:08:46 | INFO    |     - Lutra lutra                  [vincze2022_cancer+youngblut2020_microbiome]
12:08:46 | INFO    |     - Lycaon pictus                [compton2020_cancer+guo2022_metabolome+manor2020_microbiome+vincze2022_cancer]
12:08:46 | INFO    |     - Lynx lynx                    [manor2020_microbiome+vincze2022_cancer+youngblut2020_microbiome]
12:08:46 | INFO    |     - Macaca fuscata               [manor2020_microbiome+vincze2022_cancer]
12:08:46 | INFO    |     - Macropus eugenii             [compton2020_cancer+youngblut2020_microbiome]
12:08:46 | INFO    |     - Macropus giganteus           [vincze2022_cancer+youngblut2020_microbiome]
12:08:46 | INFO    |     - Nasua nasua                  [guo2022_metabolome+manor2020_microbiome+vincze2022_cancer]
12:08:46 | INFO    |     - Nycticebus pygmaeus          [vincze2022_cancer+youngblut2020_microbiome]
12:08:46 | INFO    |     - Odocoileus virginianus       [vincze2022_cancer+youngblut2020_microbiome]
12:08:46 | INFO    |     - Pan troglodytes              [guo2022_metabolome+manor2020_microbiome+vincze2022_cancer]
12:08:46 | INFO    |     - Panthera leo                 [compton2020_cancer+guo2022_metabolome+manor2020_microbiome+vincze2022_cancer+youngblut2020_microbiome]
12:08:46 | INFO    |     - Panthera onca                [manor2020_microbiome+vincze2022_cancer]
12:08:46 | INFO    |     - Panthera pardus              [guo2022_metabolome+manor2020_microbiome+vincze2022_cancer+youngblut2020_microbiome]
12:08:46 | INFO    |     - Panthera tigris              [compton2020_cancer+guo2022_metabolome+manor2020_microbiome+vincze2022_cancer]
12:08:46 | INFO    |     - Phascolarctos cinereus       [compton2020_cancer+youngblut2020_microbiome]
12:08:46 | INFO    |     - Phoca vitulina               [compton2020_cancer+vincze2022_cancer+youngblut2020_microbiome]
12:08:46 | INFO    |     - Pongo pygmaeus               [manor2020_microbiome+vincze2022_cancer]
12:08:46 | INFO    |     - Procyon lotor                [compton2020_cancer+vincze2022_cancer+youngblut2020_microbiome]
12:08:46 | INFO    |     - Pygathrix nemaeus            [vincze2022_cancer+youngblut2020_microbiome]
12:08:46 | INFO    |     - Saguinus imperator           [manor2020_microbiome+vincze2022_cancer]
12:08:46 | INFO    |     - Saguinus oedipus             [manor2020_microbiome+vincze2022_cancer]
12:08:46 | INFO    |     - Saimiri boliviensis          [manor2020_microbiome+vincze2022_cancer]
12:08:46 | INFO    |     - Sciurus vulgaris             [vincze2022_cancer+youngblut2020_microbiome]
12:08:46 | INFO    |     - Suricata suricatta           [manor2020_microbiome+vincze2022_cancer]
12:08:46 | INFO    |     - Syncerus caffer              [vincze2022_cancer+youngblut2020_microbiome]
12:08:46 | INFO    |     - Tupaia belangeri             [vincze2022_cancer+youngblut2020_microbiome]
12:08:46 | INFO    |     - Ursus arctos                 [guo2022_metabolome+manor2020_microbiome+vincze2022_cancer+youngblut2020_microbiome]
12:08:46 | INFO    |     - Varecia rubra                [manor2020_microbiome+vincze2022_cancer]
12:08:46 | INFO    |     - Varecia variegata            [guo2022_metabolome+manor2020_microbiome+vincze2022_cancer]
12:08:46 | INFO    | 
12:08:46 | INFO    | Full species-by-source matrix written to : /sessions/kind-brave-cori/mnt/oncobiome/output/species_overlap_report.csv
12:08:46 | INFO    | Overlap-only species list written to     : /sessions/kind-brave-cori/mnt/oncobiome/output/overlap_species_only.csv
12:08:46 | INFO    | 
12:08:46 | INFO    | ==============================================================================
12:08:46 | INFO    | PHASE 1 COMPLETE
12:08:46 | INFO    | ==============================================================================
12:08:46 | INFO    | Full detailed log saved to: /sessions/kind-brave-cori/mnt/oncobiome/logs/phase1_20260802_120845.log
12:08:46 | INFO    | All registered sources loaded. Next step: taxonomic name resolution (e.g. GBIF/NCBI Taxonomy) to catch near-miss synonyms this string-based normalizer can't, then move to Phase 2 (bioinformatics processing).
